// Jest Snapshot v1, https://goo.gl/fbAQLP

exports[`<Header /> renders correctly for authenticated desktop 1`] = `
<header
  className="site-header-desktop"
>
  <a
    className="nav-skip sr-only sr-only-focusable"
    href="#main"
  >
    Skip to main content
  </a>
  <div
    className="container-fluid null"
  >
    <div
      className="nav-container position-relative d-flex align-items-center"
    >
      <a
        className="logo"
        href="mysite.com"
      >
        <img
          alt="mysite"
          className="d-block"
          src="logo.jpg"
        />
      </a>
      <nav
        aria-label="Main"
        className="nav main-nav"
      />
      <nav
        aria-label="Secondary"
        className="nav secondary-menu-container align-items-center ml-auto"
      />
    </div>
  </div>
</header>
`;

exports[`<Header /> renders correctly for authenticated mobile 1`] = `
<header
  aria-label="Main"
  className="site-header-mobile d-flex justify-content-between align-items-center shadow sticky-top"
>
  <a
    className="nav-skip sr-only sr-only-focusable"
    href="#main"
  >
    Skip to main content
  </a>
  <div
    className="w-100 d-flex justify-content-center"
  >
    <a
      className="logo"
      href="mysite.com"
      itemType="http://schema.org/Organization"
    >
      <img
        alt="mysite"
        className="d-block"
        src="logo.jpg"
      />
    </a>
  </div>
  <div
    className="w-100 d-flex justify-content-end align-items-center"
  >
    <nav
      aria-label="Secondary"
      className="menu position-static"
      onKeyDown={[Function]}
      onMouseEnter={[Function]}
      onMouseLeave={[Function]}
    >
      <button
        aria-expanded={false}
        aria-haspopup="menu"
        aria-label="Account Menu"
        className="menu-trigger icon-button"
        onClick={[Function]}
        title="Account Menu"
      >
        <span
          className="avatar overflow-hidden d-inline-flex rounded-circle null"
          style={
            Object {
              "height": "1.5rem",
              "width": "1.5rem",
            }
          }
        >
          <svg
            aria-hidden={true}
            focusable="false"
            height="24px"
            role="img"
            style={
              Object {
                "height": "1.5rem",
                "width": "1.5rem",
              }
            }
            version="1.1"
            viewBox="0 0 24 24"
            width="24px"
          >
            <path
              d="M4.10255106,18.1351061 C4.7170266,16.0581859 8.01891846,14.4720277 12,14.4720277 C15.9810815,14.4720277 19.2829734,16.0581859 19.8974489,18.1351061 C21.215206,16.4412566 22,14.3122775 22,12 C22,6.4771525 17.5228475,2 12,2 C6.4771525,2 2,6.4771525 2,12 C2,14.3122775 2.78479405,16.4412566 4.10255106,18.1351061 Z M12,24 C5.372583,24 0,18.627417 0,12 C0,5.372583 5.372583,0 12,0 C18.627417,0 24,5.372583 24,12 C24,18.627417 18.627417,24 12,24 Z M12,13 C9.790861,13 8,11.209139 8,9 C8,6.790861 9.790861,5 12,5 C14.209139,5 16,6.790861 16,9 C16,11.209139 14.209139,13 12,13 Z"
              fill="currentColor"
            />
          </svg>
        </span>
      </button>
    </nav>
  </div>
</header>
`;
